Archive member included to satisfy reference by file (symbol)

c:/users/pch/desktop/cubeide/stm32cubeide_1.11.0/stm32cubeide/plugins/com.st.stm32cube.ide.mcu.externaltools.gnu-tools-for-stm32.10.3-2021.10.win32_1.0.100.202210260954/tools/bin/../lib/gcc/arm-none-eabi/10.3.1/../../../../arm-none-eabi/lib/thumb/v7-m/nofp\libc_nano.a(lib_a-errno.o)
                              ./Core/Src/Msp/syscalls.o (__errno)
c:/users/pch/desktop/cubeide/stm32cubeide_1.11.0/stm32cubeide/plugins/com.st.stm32cube.ide.mcu.externaltools.gnu-tools-for-stm32.10.3-2021.10.win32_1.0.100.202210260954/tools/bin/../lib/gcc/arm-none-eabi/10.3.1/../../../../arm-none-eabi/lib/thumb/v7-m/nofp\libc_nano.a(lib_a-exit.o)
                              c:/users/pch/desktop/cubeide/stm32cubeide_1.11.0/stm32cubeide/plugins/com.st.stm32cube.ide.mcu.externaltools.gnu-tools-for-stm32.10.3-2021.10.win32_1.0.100.202210260954/tools/bin/../lib/gcc/arm-none-eabi/10.3.1/../../../../arm-none-eabi/lib/thumb/v7-m/nofp/crt0.o (exit)
c:/users/pch/desktop/cubeide/stm32cubeide_1.11.0/stm32cubeide/plugins/com.st.stm32cube.ide.mcu.externaltools.gnu-tools-for-stm32.10.3-2021.10.win32_1.0.100.202210260954/tools/bin/../lib/gcc/arm-none-eabi/10.3.1/../../../../arm-none-eabi/lib/thumb/v7-m/nofp\libc_nano.a(lib_a-impure.o)
                              c:/users/pch/desktop/cubeide/stm32cubeide_1.11.0/stm32cubeide/plugins/com.st.stm32cube.ide.mcu.externaltools.gnu-tools-for-stm32.10.3-2021.10.win32_1.0.100.202210260954/tools/bin/../lib/gcc/arm-none-eabi/10.3.1/../../../../arm-none-eabi/lib/thumb/v7-m/nofp\libc_nano.a(lib_a-exit.o) (_global_impure_ptr)
c:/users/pch/desktop/cubeide/stm32cubeide_1.11.0/stm32cubeide/plugins/com.st.stm32cube.ide.mcu.externaltools.gnu-tools-for-stm32.10.3-2021.10.win32_1.0.100.202210260954/tools/bin/../lib/gcc/arm-none-eabi/10.3.1/../../../../arm-none-eabi/lib/thumb/v7-m/nofp\libc_nano.a(lib_a-init.o)
                              c:/users/pch/desktop/cubeide/stm32cubeide_1.11.0/stm32cubeide/plugins/com.st.stm32cube.ide.mcu.externaltools.gnu-tools-for-stm32.10.3-2021.10.win32_1.0.100.202210260954/tools/bin/../lib/gcc/arm-none-eabi/10.3.1/../../../../arm-none-eabi/lib/thumb/v7-m/nofp/crt0.o (__libc_init_array)
c:/users/pch/desktop/cubeide/stm32cubeide_1.11.0/stm32cubeide/plugins/com.st.stm32cube.ide.mcu.externaltools.gnu-tools-for-stm32.10.3-2021.10.win32_1.0.100.202210260954/tools/bin/../lib/gcc/arm-none-eabi/10.3.1/../../../../arm-none-eabi/lib/thumb/v7-m/nofp\libc_nano.a(lib_a-malloc.o)
                              ./Core/Src/App/App.o (malloc)
c:/users/pch/desktop/cubeide/stm32cubeide_1.11.0/stm32cubeide/plugins/com.st.stm32cube.ide.mcu.externaltools.gnu-tools-for-stm32.10.3-2021.10.win32_1.0.100.202210260954/tools/bin/../lib/gcc/arm-none-eabi/10.3.1/../../../../arm-none-eabi/lib/thumb/v7-m/nofp\libc_nano.a(lib_a-memset.o)
                              c:/users/pch/desktop/cubeide/stm32cubeide_1.11.0/stm32cubeide/plugins/com.st.stm32cube.ide.mcu.externaltools.gnu-tools-for-stm32.10.3-2021.10.win32_1.0.100.202210260954/tools/bin/../lib/gcc/arm-none-eabi/10.3.1/../../../../arm-none-eabi/lib/thumb/v7-m/nofp/crt0.o (memset)
c:/users/pch/desktop/cubeide/stm32cubeide_1.11.0/stm32cubeide/plugins/com.st.stm32cube.ide.mcu.externaltools.gnu-tools-for-stm32.10.3-2021.10.win32_1.0.100.202210260954/tools/bin/../lib/gcc/arm-none-eabi/10.3.1/../../../../arm-none-eabi/lib/thumb/v7-m/nofp\libc_nano.a(lib_a-nano-freer.o)
                              c:/users/pch/desktop/cubeide/stm32cubeide_1.11.0/stm32cubeide/plugins/com.st.stm32cube.ide.mcu.externaltools.gnu-tools-for-stm32.10.3-2021.10.win32_1.0.100.202210260954/tools/bin/../lib/gcc/arm-none-eabi/10.3.1/../../../../arm-none-eabi/lib/thumb/v7-m/nofp\libc_nano.a(lib_a-malloc.o) (_free_r)
c:/users/pch/desktop/cubeide/stm32cubeide_1.11.0/stm32cubeide/plugins/com.st.stm32cube.ide.mcu.externaltools.gnu-tools-for-stm32.10.3-2021.10.win32_1.0.100.202210260954/tools/bin/../lib/gcc/arm-none-eabi/10.3.1/../../../../arm-none-eabi/lib/thumb/v7-m/nofp\libc_nano.a(lib_a-nano-mallocr.o)
                              c:/users/pch/desktop/cubeide/stm32cubeide_1.11.0/stm32cubeide/plugins/com.st.stm32cube.ide.mcu.externaltools.gnu-tools-for-stm32.10.3-2021.10.win32_1.0.100.202210260954/tools/bin/../lib/gcc/arm-none-eabi/10.3.1/../../../../arm-none-eabi/lib/thumb/v7-m/nofp\libc_nano.a(lib_a-malloc.o) (_malloc_r)
c:/users/pch/desktop/cubeide/stm32cubeide_1.11.0/stm32cubeide/plugins/com.st.stm32cube.ide.mcu.externaltools.gnu-tools-for-stm32.10.3-2021.10.win32_1.0.100.202210260954/tools/bin/../lib/gcc/arm-none-eabi/10.3.1/../../../../arm-none-eabi/lib/thumb/v7-m/nofp\libc_nano.a(lib_a-sbrkr.o)
                              c:/users/pch/desktop/cubeide/stm32cubeide_1.11.0/stm32cubeide/plugins/com.st.stm32cube.ide.mcu.externaltools.gnu-tools-for-stm32.10.3-2021.10.win32_1.0.100.202210260954/tools/bin/../lib/gcc/arm-none-eabi/10.3.1/../../../../arm-none-eabi/lib/thumb/v7-m/nofp\libc_nano.a(lib_a-nano-mallocr.o) (_sbrk_r)
[...]
Memory Configuration

Name             Origin             Length             Attributes
RAM              0x0000000020000000 0x0000000000005000 xrw
FLASH            0x0000000008000000 0x0000000000020000 xr
*default*        0x0000000000000000 0xffffffffffffffff

Linker script and memory map

LOAD c:/users/pch/desktop/cubeide/stm32cubeide_1.11.0/stm32cubeide/plugins/com.st.stm32cube.ide.mcu.externaltools.gnu-tools-for-stm32.10.3-2021.10.win32_1.0.100.202210260954/tools/bin/../lib/gcc/arm-none-eabi/10.3.1/thumb/v7-m/nofp/crti.o
LOAD c:/users/pch/desktop/cubeide/stm32cubeide_1.11.0/stm32cubeide/plugins/com.st.stm32cube.ide.mcu.externaltools.gnu-tools-for-stm32.10.3-2021.10.win32_1.0.100.202210260954/tools/bin/../lib/gcc/arm-none-eabi/10.3.1/thumb/v7-m/nofp/crtbegin.o
LOAD c:/users/pch/desktop/cubeide/stm32cubeide_1.11.0/stm32cubeide/plugins/com.st.stm32cube.ide.mcu.externaltools.gnu-tools-for-stm32.10.3-2021.10.win32_1.0.100.202210260954/tools/bin/../lib/gcc/arm-none-eabi/10.3.1/../../../../arm-none-eabi/lib/thumb/v7-m/nofp/crt0.o
LOAD ./Core/Src/App/App.o
LOAD ./Core/Src/App/MotorControl.o
LOAD ./Core/Src/App/SystemControl.o
LOAD ./Core/Src/Comp/LED.o
LOAD ./Core/Src/Comp/MotorPWM.o
LOAD ./Core/Src/Comp/SwitchControl.o
LOAD ./Core/Src/Comp/SystemTimer.o
LOAD ./Core/Src/Comp/Uart_Printf.o
LOAD ./Core/Src/Driver/MotorDriver.o
LOAD ./Core/Src/Driver/SystemDriver.o
LOAD ./Core/Src/Msp/Msp.o
LOAD ./Core/Src/Msp/stm32f1xx_hal_msp.o
LOAD ./Core/Src/Msp/stm32f1xx_it.o
LOAD ./Core/Src/Msp/syscalls.o
LOAD ./Core/Src/Msp/sysmem.o
LOAD ./Core/Src/Msp/system_stm32f1xx.o
LOAD ./Core/Src/main.o
LOAD ./Core/Startup/startup_stm32f103rbtx.o
LOAD ./Drivers/STM32F1xx_HAL_Driver/Src/stm32f1xx_hal.o
LOAD ./Drivers/STM32F1xx_HAL_Driver/Src/stm32f1xx_hal_cortex.o
LOAD ./Drivers/STM32F1xx_HAL_Driver/Src/stm32f1xx_hal_dma.o
LOAD ./Drivers/STM32F1xx_HAL_Driver/Src/stm32f1xx_hal_exti.o
LOAD ./Drivers/STM32F1xx_HAL_Driver/Src/stm32f1xx_hal_flash.o
LOAD ./Drivers/STM32F1xx_HAL_Driver/Src/stm32f1xx_hal_flash_ex.o
LOAD ./Drivers/STM32F1xx_HAL_Driver/Src/stm32f1xx_hal_gpio.o
LOAD ./Drivers/STM32F1xx_HAL_Driver/Src/stm32f1xx_hal_gpio_ex.o
LOAD ./Drivers/STM32F1xx_HAL_Driver/Src/stm32f1xx_hal_pwr.o
LOAD ./Drivers/STM32F1xx_HAL_Driver/Src/stm32f1xx_hal_rcc.o
LOAD ./Drivers/STM32F1xx_HAL_Driver/Src/stm32f1xx_hal_rcc_ex.o
LOAD ./Drivers/STM32F1xx_HAL_Driver/Src/stm32f1xx_hal_tim.o
LOAD ./Drivers/STM32F1xx_HAL_Driver/Src/stm32f1xx_hal_tim_ex.o
LOAD ./Drivers/STM32F1xx_HAL_Driver/Src/stm32f1xx_hal_uart.o
START GROUP
LOAD c:/users/pch/desktop/cubeide/stm32cubeide_1.11.0/stm32cubeide/plugins/com.st.stm32cube.ide.mcu.externaltools.gnu-tools-for-stm32.10.3-2021.10.win32_1.0.100.202210260954/tools/bin/../lib/gcc/arm-none-eabi/10.3.1/../../../../arm-none-eabi/lib/thumb/v7-m/nofp\libc_nano.a
LOAD c:/users/pch/desktop/cubeide/stm32cubeide_1.11.0/stm32cubeide/plugins/com.st.stm32cube.ide.mcu.externaltools.gnu-tools-for-stm32.10.3-2021.10.win32_1.0.100.202210260954/tools/bin/../lib/gcc/arm-none-eabi/10.3.1/../../../../arm-none-eabi/lib/thumb/v7-m/nofp\libm.a
END GROUP
START GROUP
LOAD c:/users/pch/desktop/cubeide/stm32cubeide_1.11.0/stm32cubeide/plugins/com.st.stm32cube.ide.mcu.externaltools.gnu-tools-for-stm32.10.3-2021.10.win32_1.0.100.202210260954/tools/bin/../lib/gcc/arm-none-eabi/10.3.1/thumb/v7-m/nofp\libgcc.a
LOAD c:/users/pch/desktop/cubeide/stm32cubeide_1.11.0/stm32cubeide/plugins/com.st.stm32cube.ide.mcu.externaltools.gnu-tools-for-stm32.10.3-2021.10.win32_1.0.100.202210260954/tools/bin/../lib/gcc/arm-none-eabi/10.3.1/../../../../arm-none-eabi/lib/thumb/v7-m/nofp\libc_nano.a
END GROUP
START GROUP
LOAD c:/users/pch/desktop/cubeide/stm32cubeide_1.11.0/stm32cubeide/plugins/com.st.stm32cube.ide.mcu.externaltools.gnu-tools-for-stm32.10.3-2021.10.win32_1.0.100.202210260954/tools/bin/../lib/gcc/arm-none-eabi/10.3.1/thumb/v7-m/nofp\libgcc.a
LOAD c:/users/pch/desktop/cubeide/stm32cubeide_1.11.0/stm32cubeide/plugins/com.st.stm32cube.ide.mcu.externaltools.gnu-tools-for-stm32.10.3-2021.10.win32_1.0.100.202210260954/tools/bin/../lib/gcc/arm-none-eabi/10.3.1/../../../../arm-none-eabi/lib/thumb/v7-m/nofp\libc_nano.a
LOAD c:/users/pch/desktop/cubeide/stm32cubeide_1.11.0/stm32cubeide/plugins/com.st.stm32cube.ide.mcu.externaltools.gnu-tools-for-stm32.10.3-2021.10.win32_1.0.100.202210260954/tools/bin/../lib/gcc/arm-none-eabi/10.3.1/../../../../arm-none-eabi/lib/thumb/v7-m/nofp\libnosys.a
END GROUP
START GROUP
LOAD c:/users/pch/desktop/cubeide/stm32cubeide_1.11.0/stm32cubeide/plugins/com.st.stm32cube.ide.mcu.externaltools.gnu-tools-for-stm32.10.3-2021.10.win32_1.0.100.202210260954/tools/bin/../lib/gcc/arm-none-eabi/10.3.1/thumb/v7-m/nofp\libgcc.a
LOAD c:/users/pch/desktop/cubeide/stm32cubeide_1.11.0/stm32cubeide/plugins/com.st.stm32cube.ide.mcu.externaltools.gnu-tools-for-stm32.10.3-2021.10.win32_1.0.100.202210260954/tools/bin/../lib/gcc/arm-none-eabi/10.3.1/../../../../arm-none-eabi/lib/thumb/v7-m/nofp\libc_nano.a
LOAD c:/users/pch/desktop/cubeide/stm32cubeide_1.11.0/stm32cubeide/plugins/com.st.stm32cube.ide.mcu.externaltools.gnu-tools-for-stm32.10.3-2021.10.win32_1.0.100.202210260954/tools/bin/../lib/gcc/arm-none-eabi/10.3.1/../../../../arm-none-eabi/lib/thumb/v7-m/nofp\libnosys.a
END GROUP
LOAD c:/users/pch/desktop/cubeide/stm32cubeide_1.11.0/stm32cubeide/plugins/com.st.stm32cube.ide.mcu.externaltools.gnu-tools-for-stm32.10.3-2021.10.win32_1.0.100.202210260954/tools/bin/../lib/gcc/arm-none-eabi/10.3.1/thumb/v7-m/nofp/crtend.o
LOAD c:/users/pch/desktop/cubeide/stm32cubeide_1.11.0/stm32cubeide/plugins/com.st.stm32cube.ide.mcu.externaltools.gnu-tools-for-stm32.10.3-2021.10.win32_1.0.100.202210260954/tools/bin/../lib/gcc/arm-none-eabi/10.3.1/thumb/v7-m/nofp/crtn.o
                0x0000000020005000                _estack = (ORIGIN (RAM) + LENGTH (RAM))
                0x0000000000000200                _Min_Heap_Size = 0x200
                0x0000000000000400                _Min_Stack_Size = 0x400

.isr_vector     0x0000000008000000      0x10c
                0x0000000008000000                . = ALIGN (0x4)
 *(.isr_vector)
 .isr_vector    0x0000000008000000      0x10c ./Core/Startup/startup_stm32f103rbtx.o
                0x0000000008000000                g_pfnVectors
                0x000000000800010c                . = ALIGN (0x4)

.text           0x000000000800010c     0x1114
                0x000000000800010c                . = ALIGN (0x4)
 *(.text)
 .text          0x000000000800010c       0x40 c:/users/pch/desktop/cubeide/stm32cubeide_1.11.0/stm32cubeide/plugins/com.st.stm32cube.ide.mcu.externaltools.gnu-tools-for-stm32.10.3-2021.10.win32_1.0.100.202210260954/tools/bin/../lib/gcc/arm-none-eabi/10.3.1/thumb/v7-m/nofp/crtbegin.o
 *(.text*)
 .text.tasklist_init
                0x000000000800014c       0x68 ./Core/Src/App/App.o
                0x000000000800014c                tasklist_init
 .text.task_init
                0x00000000080001b4       0x20 ./Core/Src/App/App.o
                0x00000000080001b4                task_init
 .text.task_regist
                0x00000000080001d4       0x78 ./Core/Src/App/App.o
                0x00000000080001d4                task_regist
 .text.app_init
                0x000000000800024c       0x16 ./Core/Src/App/App.o
                0x000000000800024c                app_init
 *fill*         0x0000000008000262        0x2 
 .text.Confirm_NeedToProc
                0x0000000008000264       0x50 ./Core/Src/App/App.o
                0x0000000008000264                Confirm_NeedToProc
 .text.Confirm_EventProc
                0x00000000080002b4       0x74 ./Core/Src/App/App.o
                0x00000000080002b4                Confirm_EventProc
 .text.Proc_App
                0x0000000008000328       0x70 ./Core/Src/App/App.o
                0x0000000008000328                Proc_App
 .text.Check_SystemTimer
                0x0000000008000398       0x94 ./Core/Src/App/SystemControl.o
                0x0000000008000398                Check_SystemTimer
 .text.HAL_GPIO_EXTI_Callback
                0x000000000800042c       0x14 ./Core/Src/Comp/SwitchControl.o
                0x000000000800042c                HAL_GPIO_EXTI_Callback
 .text.Error_Handler
                0x0000000008000440        0xa ./Core/Src/Msp/Msp.o
                0x0000000008000440                Error_Handler
 .text.NMI_Handler
                0x000000000800044a        0x6 ./Core/Src/Msp/stm32f1xx_it.o
                0x000000000800044a                NMI_Handler
 .text.HardFault_Handler
                0x0000000008000450        0x6 ./Core/Src/Msp/stm32f1xx_it.o
                0x0000000008000450                HardFault_Handler
 .text.MemManage_Handler
                0x0000000008000456        0x6 ./Core/Src/Msp/stm32f1xx_it.o
                0x0000000008000456                MemManage_Handler
 .text.BusFault_Handler
                0x000000000800045c        0x6 ./Core/Src/Msp/stm32f1xx_it.o
                0x000000000800045c                BusFault_Handler
 .text.UsageFault_Handler
                0x0000000008000462        0x6 ./Core/Src/Msp/stm32f1xx_it.o
                0x0000000008000462                UsageFault_Handler
 .text.SVC_Handler
                0x0000000008000468        0xc ./Core/Src/Msp/stm32f1xx_it.o
                0x0000000008000468                SVC_Handler
 .text.DebugMon_Handler
                0x0000000008000474        0xc ./Core/Src/Msp/stm32f1xx_it.o
                0x0000000008000474                DebugMon_Handler
 .text.PendSV_Handler
                0x0000000008000480        0xc ./Core/Src/Msp/stm32f1xx_it.o
                0x0000000008000480                PendSV_Handler
 .text.SysTick_Handler
                0x000000000800048c        0xc ./Core/Src/Msp/stm32f1xx_it.o
                0x000000000800048c                SysTick_Handler
 .text.EXTI15_10_IRQHandler
                0x0000000008000498       0x10 ./Core/Src/Msp/stm32f1xx_it.o
                0x0000000008000498                EXTI15_10_IRQHandler
 .text._sbrk    0x00000000080004a8       0x6c ./Core/Src/Msp/sysmem.o
                0x00000000080004a8                _sbrk
 .text.SystemInit
                0x0000000008000514        0xc ./Core/Src/Msp/system_stm32f1xx.o
                0x0000000008000514                SystemInit
 .text.main     0x0000000008000520       0x28 ./Core/Src/main.o
                0x0000000008000520                main
 .text.SystemClock_Config
                0x0000000008000548       0x82 ./Core/Src/main.o
                0x0000000008000548                SystemClock_Config
 .text.System_Init
                0x00000000080005ca       0x1a ./Core/Src/main.o
                0x00000000080005ca                System_Init
 .text.Reset_Handler
                0x00000000080005e4       0x48 ./Core/Startup/startup_stm32f103rbtx.o
                0x00000000080005e4                Reset_Handler
 .text.Default_Handler
                0x000000000800062c        0x2 ./Core/Startup/startup_stm32f103rbtx.o
                0x000000000800062c                RTC_Alarm_IRQHandler
                0x000000000800062c                EXTI2_IRQHandler
                0x000000000800062c                TIM1_CC_IRQHandler
                0x000000000800062c                PVD_IRQHandler
                0x000000000800062c                EXTI3_IRQHandler
                0x000000000800062c                EXTI0_IRQHandler
                0x000000000800062c                I2C2_EV_IRQHandler
                0x000000000800062c                ADC1_2_IRQHandler
                0x000000000800062c                SPI1_IRQHandler
                0x000000000800062c                TAMPER_IRQHandler
                0x000000000800062c                DMA1_Channel4_IRQHandler
                0x000000000800062c                USART3_IRQHandler
                0x000000000800062c                RTC_IRQHandler
                0x000000000800062c                DMA1_Channel7_IRQHandler
                0x000000000800062c                CAN1_RX1_IRQHandler
                0x000000000800062c                TIM4_IRQHandler
                0x000000000800062c                I2C1_EV_IRQHandler
                0x000000000800062c                DMA1_Channel6_IRQHandler
                0x000000000800062c                TIM3_IRQHandler
                0x000000000800062c                RCC_IRQHandler
                0x000000000800062c                TIM1_TRG_COM_IRQHandler
                0x000000000800062c                DMA1_Channel1_IRQHandler
                0x000000000800062c                Default_Handler
                0x000000000800062c                EXTI9_5_IRQHandler
                0x000000000800062c                SPI2_IRQHandler
                0x000000000800062c                DMA1_Channel5_IRQHandler
                0x000000000800062c                EXTI4_IRQHandler
                0x000000000800062c                USB_LP_CAN1_RX0_IRQHandler
                0x000000000800062c                USB_HP_CAN1_TX_IRQHandler
                0x000000000800062c                DMA1_Channel3_IRQHandler
                0x000000000800062c                TIM1_UP_IRQHandler
                0x000000000800062c                WWDG_IRQHandler
                0x000000000800062c                TIM2_IRQHandler
                0x000000000800062c                TIM1_BRK_IRQHandler
                0x000000000800062c                EXTI1_IRQHandler
                0x000000000800062c                USART2_IRQHandler
                0x000000000800062c                I2C2_ER_IRQHandler
                0x000000000800062c                DMA1_Channel2_IRQHandler
                0x000000000800062c                CAN1_SCE_IRQHandler
                0x000000000800062c                FLASH_IRQHandler
                0x000000000800062c                USART1_IRQHandler
                0x000000000800062c                I2C1_ER_IRQHandler
                0x000000000800062c                USBWakeUp_IRQHandler
 *fill*         0x000000000800062e        0x2 
 .text.HAL_InitTick
                0x0000000008000630       0x60 ./Drivers/STM32F1xx_HAL_Driver/Src/stm32f1xx_hal.o
                0x0000000008000630                HAL_InitTick
 .text.HAL_IncTick
                0x0000000008000690       0x24 ./Drivers/STM32F1xx_HAL_Driver/Src/stm32f1xx_hal.o
                0x0000000008000690                HAL_IncTick
 .text.HAL_GetTick
                0x00000000080006b4       0x14 ./Drivers/STM32F1xx_HAL_Driver/Src/stm32f1xx_hal.o
                0x00000000080006b4                HAL_GetTick
 .text.__NVIC_GetPriorityGrouping
                0x00000000080006c8       0x1c ./Drivers/STM32F1xx_HAL_Driver/Src/stm32f1xx_hal_cortex.o
 .text.__NVIC_SetPriority
                0x00000000080006e4       0x54 ./Drivers/STM32F1xx_HAL_Driver/Src/stm32f1xx_hal_cortex.o
 .text.NVIC_EncodePriority
                0x0000000008000738       0x64 ./Drivers/STM32F1xx_HAL_Driver/Src/stm32f1xx_hal_cortex.o
 .text.SysTick_Config
                0x000000000800079c       0x44 ./Drivers/STM32F1xx_HAL_Driver/Src/stm32f1xx_hal_cortex.o
 .text.HAL_NVIC_SetPriority
                0x00000000080007e0       0x38 ./Drivers/STM32F1xx_HAL_Driver/Src/stm32f1xx_hal_cortex.o
                0x00000000080007e0                HAL_NVIC_SetPriority
 .text.HAL_SYSTICK_Config
                0x0000000008000818       0x18 ./Drivers/STM32F1xx_HAL_Driver/Src/stm32f1xx_hal_cortex.o
                0x0000000008000818                HAL_SYSTICK_Config
 .text.HAL_GPIO_EXTI_IRQHandler
                0x0000000008000830       0x30 ./Drivers/STM32F1xx_HAL_Driver/Src/stm32f1xx_hal_gpio.o
                0x0000000008000830                HAL_GPIO_EXTI_IRQHandler
 .text.HAL_RCC_OscConfig
                0x0000000008000860      0x504 ./Drivers/STM32F1xx_HAL_Driver/Src/stm32f1xx_hal_rcc.o
                0x0000000008000860                HAL_RCC_OscConfig
 .text.HAL_RCC_ClockConfig
                0x0000000008000d64      0x1d4 ./Drivers/STM32F1xx_HAL_Driver/Src/stm32f1xx_hal_rcc.o
                0x0000000008000d64                HAL_RCC_ClockConfig
 .text.HAL_RCC_GetSysClockFreq
                0x0000000008000f38       0xbc ./Drivers/STM32F1xx_HAL_Driver/Src/stm32f1xx_hal_rcc.o
                0x0000000008000f38                HAL_RCC_GetSysClockFreq
 .text.RCC_Delay
                0x0000000008000ff4       0x3c ./Drivers/STM32F1xx_HAL_Driver/Src/stm32f1xx_hal_rcc.o
 .text.__errno  0x0000000008001030        0xc c:/users/pch/desktop/cubeide/stm32cubeide_1.11.0/stm32cubeide/plugins/com.st.stm32cube.ide.mcu.externaltools.gnu-tools-for-stm32.10.3-2021.10.win32_1.0.100.202210260954/tools/bin/../lib/gcc/arm-none-eabi/10.3.1/../../../../arm-none-eabi/lib/thumb/v7-m/nofp\libc_nano.a(lib_a-errno.o)
                0x0000000008001030                __errno
 .text.__libc_init_array
                0x000000000800103c       0x48 c:/users/pch/desktop/cubeide/stm32cubeide_1.11.0/stm32cubeide/plugins/com.st.stm32cube.ide.mcu.externaltools.gnu-tools-for-stm32.10.3-2021.10.win32_1.0.100.202210260954/tools/bin/../lib/gcc/arm-none-eabi/10.3.1/../../../../arm-none-eabi/lib/thumb/v7-m/nofp\libc_nano.a(lib_a-init.o)
                0x000000000800103c                __libc_init_array
 .text.malloc   0x0000000008001084       0x10 c:/users/pch/desktop/cubeide/stm32cubeide_1.11.0/stm32cubeide/plugins/com.st.stm32cube.ide.mcu.externaltools.gnu-tools-for-stm32.10.3-2021.10.win32_1.0.100.202210260954/tools/bin/../lib/gcc/arm-none-eabi/10.3.1/../../../../arm-none-eabi/lib/thumb/v7-m/nofp\libc_nano.a(lib_a-malloc.o)
                0x0000000008001084                malloc
 .text.memset   0x0000000008001094       0x10 c:/users/pch/desktop/cubeide/stm32cubeide_1.11.0/stm32cubeide/plugins/com.st.stm32cube.ide.mcu.externaltools.gnu-tools-for-stm32.10.3-2021.10.win32_1.0.100.202210260954/tools/bin/../lib/gcc/arm-none-eabi/10.3.1/../../../../arm-none-eabi/lib/thumb/v7-m/nofp\libc_nano.a(lib_a-memset.o)
                0x0000000008001094                memset
 .text.sbrk_aligned
                0x00000000080010a4       0x40 c:/users/pch/desktop/cubeide/stm32cubeide_1.11.0/stm32cubeide/plugins/com.st.stm32cube.ide.mcu.externaltools.gnu-tools-for-stm32.10.3-2021.10.win32_1.0.100.202210260954/tools/bin/../lib/gcc/arm-none-eabi/10.3.1/../../../../arm-none-eabi/lib/thumb/v7-m/nofp\libc_nano.a(lib_a-nano-mallocr.o)
 .text._malloc_r
                0x00000000080010e4       0xe8 c:/users/pch/desktop/cubeide/stm32cubeide_1.11.0/stm32cubeide/plugins/com.st.stm32cube.ide.mcu.externaltools.gnu-tools-for-stm32.10.3-2021.10.win32_1.0.100.202210260954/tools/bin/../lib/gcc/arm-none-eabi/10.3.1/../../../../arm-none-eabi/lib/thumb/v7-m/nofp\libc_nano.a(lib_a-nano-mallocr.o)
                0x00000000080010e4                _malloc_r
 .text._sbrk_r  0x00000000080011cc       0x20 c:/users/pch/desktop/cubeide/stm32cubeide_1.11.0/stm32cubeide/plugins/com.st.stm32cube.ide.mcu.externaltools.gnu-tools-for-stm32.10.3-2021.10.win32_1.0.100.202210260954/tools/bin/../lib/gcc/arm-none-eabi/10.3.1/../../../../arm-none-eabi/lib/thumb/v7-m/nofp\libc_nano.a(lib_a-sbrkr.o)
                0x00000000080011cc                _sbrk_r
 .text.__malloc_lock
                0x00000000080011ec        0xc c:/users/pch/desktop/cubeide/stm32cubeide_1.11.0/stm32cubeide/plugins/com.st.stm32cube.ide.mcu.externaltools.gnu-tools-for-stm32.10.3-2021.10.win32_1.0.100.202210260954/tools/bin/../lib/gcc/arm-none-eabi/10.3.1/../../../../arm-none-eabi/lib/thumb/v7-m/nofp\libc_nano.a(lib_a-mlock.o)
                0x00000000080011ec                __malloc_lock
 .text.__malloc_unlock
                0x00000000080011f8        0xc c:/users/pch/desktop/cubeide/stm32cubeide_1.11.0/stm32cubeide/plugins/com.st.stm32cube.ide.mcu.externaltools.gnu-tools-for-stm32.10.3-2021.10.win32_1.0.100.202210260954/tools/bin/../lib/gcc/arm-none-eabi/10.3.1/../../../../arm-none-eabi/lib/thumb/v7-m/nofp\libc_nano.a(lib_a-mlock.o)
                0x00000000080011f8                __malloc_unlock
 .text.__retarget_lock_acquire_recursive
                0x0000000008001204        0x2 c:/users/pch/desktop/cubeide/stm32cubeide_1.11.0/stm32cubeide/plugins/com.st.stm32cube.ide.mcu.externaltools.gnu-tools-for-stm32.10.3-2021.10.win32_1.0.100.202210260954/tools/bin/../lib/gcc/arm-none-eabi/10.3.1/../../../../arm-none-eabi/lib/thumb/v7-m/nofp\libc_nano.a(lib_a-lock.o)
                0x0000000008001204                __retarget_lock_acquire_recursive
 .text.__retarget_lock_release_recursive
                0x0000000008001206        0x2 c:/users/pch/desktop/cubeide/stm32cubeide_1.11.0/stm32cubeide/plugins/com.st.stm32cube.ide.mcu.externaltools.gnu-tools-for-stm32.10.3-2021.10.win32_1.0.100.202210260954/tools/bin/../lib/gcc/arm-none-eabi/10.3.1/../../../../arm-none-eabi/lib/thumb/v7-m/nofp\libc_nano.a(lib_a-lock.o)
                0x0000000008001206                __retarget_lock_release_recursive
 *(.glue_7)
 .glue_7        0x0000000008001208        0x0 linker stubs
 *(.glue_7t)
 .glue_7t       0x0000000008001208        0x0 linker stubs
 *(.eh_frame)
 .eh_frame      0x0000000008001208        0x0 c:/users/pch/desktop/cubeide/stm32cubeide_1.11.0/stm32cubeide/plugins/com.st.stm32cube.ide.mcu.externaltools.gnu-tools-for-stm32.10.3-2021.10.win32_1.0.100.202210260954/tools/bin/../lib/gcc/arm-none-eabi/10.3.1/thumb/v7-m/nofp/crtbegin.o
 *(.init)
 .init          0x0000000008001208        0x4 c:/users/pch/desktop/cubeide/stm32cubeide_1.11.0/stm32cubeide/plugins/com.st.stm32cube.ide.mcu.externaltools.gnu-tools-for-stm32.10.3-2021.10.win32_1.0.100.202210260954/tools/bin/../lib/gcc/arm-none-eabi/10.3.1/thumb/v7-m/nofp/crti.o
                0x0000000008001208                _init
 .init          0x000000000800120c        0x8 c:/users/pch/desktop/cubeide/stm32cubeide_1.11.0/stm32cubeide/plugins/com.st.stm32cube.ide.mcu.externaltools.gnu-tools-for-stm32.10.3-2021.10.win32_1.0.100.202210260954/tools/bin/../lib/gcc/arm-none-eabi/10.3.1/thumb/v7-m/nofp/crtn.o
 *(.fini)
 .fini          0x0000000008001214        0x4 c:/users/pch/desktop/cubeide/stm32cubeide_1.11.0/stm32cubeide/plugins/com.st.stm32cube.ide.mcu.externaltools.gnu-tools-for-stm32.10.3-2021.10.win32_1.0.100.202210260954/tools/bin/../lib/gcc/arm-none-eabi/10.3.1/thumb/v7-m/nofp/crti.o
                0x0000000008001214                _fini
 .fini          0x0000000008001218        0x8 c:/users/pch/desktop/cubeide/stm32cubeide_1.11.0/stm32cubeide/plugins/com.st.stm32cube.ide.mcu.externaltools.gnu-tools-for-stm32.10.3-2021.10.win32_1.0.100.202210260954/tools/bin/../lib/gcc/arm-none-eabi/10.3.1/thumb/v7-m/nofp/crtn.o
                0x0000000008001220                . = ALIGN (0x4)
                0x0000000008001220                _etext = .

.vfp11_veneer   0x0000000008001220        0x0
 .vfp11_veneer  0x0000000008001220        0x0 linker stubs

.v4_bx          0x0000000008001220        0x0
 .v4_bx         0x0000000008001220        0x0 linker stubs

.iplt           0x0000000008001220        0x0
 .iplt          0x0000000008001220        0x0 c:/users/pch/desktop/cubeide/stm32cubeide_1.11.0/stm32cubeide/plugins/com.st.stm32cube.ide.mcu.externaltools.gnu-tools-for-stm32.10.3-2021.10.win32_1.0.100.202210260954/tools/bin/../lib/gcc/arm-none-eabi/10.3.1/thumb/v7-m/nofp/crtbegin.o

.rodata         0x0000000008001220       0x20
                0x0000000008001220                . = ALIGN (0x4)
 *(.rodata)
 .rodata        0x0000000008001220       0x10 ./Drivers/STM32F1xx_HAL_Driver/Src/stm32f1xx_hal_rcc.o
 *(.rodata*)
 .rodata.AHBPrescTable
                0x0000000008001230       0x10 ./Core/Src/Msp/system_stm32f1xx.o
                0x0000000008001230                AHBPrescTable
                0x0000000008001240                . = ALIGN (0x4)

.rel.dyn        0x0000000008001240        0x0
 .rel.iplt      0x0000000008001240        0x0 c:/users/pch/desktop/cubeide/stm32cubeide_1.11.0/stm32cubeide/plugins/com.st.stm32cube.ide.mcu.externaltools.gnu-tools-for-stm32.10.3-2021.10.win32_1.0.100.202210260954/tools/bin/../lib/gcc/arm-none-eabi/10.3.1/thumb/v7-m/nofp/crtbegin.o

.ARM.extab      0x0000000008001240        0x0
                0x0000000008001240                . = ALIGN (0x4)
 *(.ARM.extab* .gnu.linkonce.armextab.*)
                0x0000000008001240                . = ALIGN (0x4)

.ARM            0x0000000008001240        0x0
                0x0000000008001240                . = ALIGN (0x4)
                0x0000000008001240                __exidx_start = .
 *(.ARM.exidx*)
                0x0000000008001240                __exidx_end = .
                0x0000000008001240                . = ALIGN (0x4)

.preinit_array  0x0000000008001240        0x0
                0x0000000008001240                . = ALIGN (0x4)
                0x0000000008001240                PROVIDE (__preinit_array_start = .)
 *(.preinit_array*)
                0x0000000008001240                PROVIDE (__preinit_array_end = .)
                0x0000000008001240                . = ALIGN (0x4)

.init_array     0x0000000008001240        0x4
                0x0000000008001240                . = ALIGN (0x4)
                0x0000000008001240                PROVIDE (__init_array_start = .)
 *(SORT_BY_NAME(.init_array.*))
 *(.init_array*)
 .init_array    0x0000000008001240        0x4 c:/users/pch/desktop/cubeide/stm32cubeide_1.11.0/stm32cubeide/plugins/com.st.stm32cube.ide.mcu.externaltools.gnu-tools-for-stm32.10.3-2021.10.win32_1.0.100.202210260954/tools/bin/../lib/gcc/arm-none-eabi/10.3.1/thumb/v7-m/nofp/crtbegin.o
                0x0000000008001244                PROVIDE (__init_array_end = .)
                0x0000000008001244                . = ALIGN (0x4)

.fini_array     0x0000000008001244        0x4
                0x0000000008001244                . = ALIGN (0x4)
                [!provide]                        PROVIDE (__fini_array_start = .)
 *(SORT_BY_NAME(.fini_array.*))
 *(.fini_array*)
 .fini_array    0x0000000008001244        0x4 c:/users/pch/desktop/cubeide/stm32cubeide_1.11.0/stm32cubeide/plugins/com.st.stm32cube.ide.mcu.externaltools.gnu-tools-for-stm32.10.3-2021.10.win32_1.0.100.202210260954/tools/bin/../lib/gcc/arm-none-eabi/10.3.1/thumb/v7-m/nofp/crtbegin.o
                [!provide]                        PROVIDE (__fini_array_end = .)
                0x0000000008001248                . = ALIGN (0x4)
                0x0000000008001248                _sidata = LOADADDR (.data)

.data           0x0000000020000000       0x70 load address 0x0000000008001248
                0x0000000020000000                . = ALIGN (0x4)
                0x0000000020000000                _sdata = .
 *(.data)
 *(.data*)
 .data.SystemCoreClock
                0x0000000020000000        0x4 ./Core/Src/Msp/system_stm32f1xx.o
                0x0000000020000000                SystemCoreClock
 .data.uwTickPrio
                0x0000000020000004        0x4 ./Drivers/STM32F1xx_HAL_Driver/Src/stm32f1xx_hal.o
                0x0000000020000004                uwTickPrio
 .data.uwTickFreq
                0x0000000020000008        0x1 ./Drivers/STM32F1xx_HAL_Driver/Src/stm32f1xx_hal.o
                0x0000000020000008                uwTickFreq
 *fill*         0x0000000020000009        0x3 
 .data._impure_ptr
                0x000000002000000c        0x4 c:/users/pch/desktop/cubeide/stm32cubeide_1.11.0/stm32cubeide/plugins/com.st.stm32cube.ide.mcu.externaltools.gnu-tools-for-stm32.10.3-2021.10.win32_1.0.100.202210260954/tools/bin/../lib/gcc/arm-none-eabi/10.3.1/../../../../arm-none-eabi/lib/thumb/v7-m/nofp\libc_nano.a(lib_a-impure.o)
                0x000000002000000c                _impure_ptr
 .data.impure_data
                0x0000000020000010       0x60 c:/users/pch/desktop/cubeide/stm32cubeide_1.11.0/stm32cubeide/plugins/com.st.stm32cube.ide.mcu.externaltools.gnu-tools-for-stm32.10.3-2021.10.win32_1.0.100.202210260954/tools/bin/../lib/gcc/arm-none-eabi/10.3.1/../../../../arm-none-eabi/lib/thumb/v7-m/nofp\libc_nano.a(lib_a-impure.o)
 *(.RamFunc)
 *(.RamFunc*)
                0x0000000020000070                . = ALIGN (0x4)
                0x0000000020000070                _edata = .

.igot.plt       0x0000000020000070        0x0 load address 0x00000000080012b8
 .igot.plt      0x0000000020000070        0x0 c:/users/pch/desktop/cubeide/stm32cubeide_1.11.0/stm32cubeide/plugins/com.st.stm32cube.ide.mcu.externaltools.gnu-tools-for-stm32.10.3-2021.10.win32_1.0.100.202210260954/tools/bin/../lib/gcc/arm-none-eabi/10.3.1/thumb/v7-m/nofp/crtbegin.o
                0x0000000020000070                . = ALIGN (0x4)

.bss            0x0000000020000070       0x58 load address 0x00000000080012b8
                0x0000000020000070                _sbss = .
                0x0000000020000070                __bss_start__ = _sbss
 *(.bss)
 .bss           0x0000000020000070       0x1c c:/users/pch/desktop/cubeide/stm32cubeide_1.11.0/stm32cubeide/plugins/com.st.stm32cube.ide.mcu.externaltools.gnu-tools-for-stm32.10.3-2021.10.win32_1.0.100.202210260954/tools/bin/../lib/gcc/arm-none-eabi/10.3.1/thumb/v7-m/nofp/crtbegin.o
 *(.bss*)
 .bss.TimAct_list
                0x000000002000008c        0x8 ./Core/Src/App/App.o
 .bss.result    0x0000000020000094        0x3 ./Core/Src/App/App.o
                0x0000000020000094                result
 *fill*         0x0000000020000097        0x1 
 .bss.cur_state
                0x0000000020000098        0x7 ./Core/Src/App/App.o
                0x0000000020000098                cur_state
 *fill*         0x000000002000009f        0x1 
 .bss.chatteringtim_cnt
                0x00000000200000a0        0x2 ./Core/Src/App/SystemControl.o
 .bss.motoronofftim_cnt
                0x00000000200000a2        0x2 ./Core/Src/App/SystemControl.o
 .bss.__sbrk_heap_end
                0x00000000200000a4        0x4 ./Core/Src/Msp/sysmem.o
 .bss.myTask    0x00000000200000a8        0xc ./Core/Src/main.o
                0x00000000200000a8                myTask
 .bss.uwTick    0x00000000200000b4        0x4 ./Drivers/STM32F1xx_HAL_Driver/Src/stm32f1xx_hal.o
                0x00000000200000b4                uwTick
 .bss.__malloc_free_list
                0x00000000200000b8        0x4 c:/users/pch/desktop/cubeide/stm32cubeide_1.11.0/stm32cubeide/plugins/com.st.stm32cube.ide.mcu.externaltools.gnu-tools-for-stm32.10.3-2021.10.win32_1.0.100.202210260954/tools/bin/../lib/gcc/arm-none-eabi/10.3.1/../../../../arm-none-eabi/lib/thumb/v7-m/nofp\libc_nano.a(lib_a-nano-mallocr.o)
                0x00000000200000b8                __malloc_free_list
 .bss.__malloc_sbrk_start
                0x00000000200000bc        0x4 c:/users/pch/desktop/cubeide/stm32cubeide_1.11.0/stm32cubeide/plugins/com.st.stm32cube.ide.mcu.externaltools.gnu-tools-for-stm32.10.3-2021.10.win32_1.0.100.202210260954/tools/bin/../lib/gcc/arm-none-eabi/10.3.1/../../../../arm-none-eabi/lib/thumb/v7-m/nofp\libc_nano.a(lib_a-nano-mallocr.o)
                0x00000000200000bc                __malloc_sbrk_start
 .bss.errno     0x00000000200000c0        0x4 c:/users/pch/desktop/cubeide/stm32cubeide_1.11.0/stm32cubeide/plugins/com.st.stm32cube.ide.mcu.externaltools.gnu-tools-for-stm32.10.3-2021.10.win32_1.0.100.202210260954/tools/bin/../lib/gcc/arm-none-eabi/10.3.1/../../../../arm-none-eabi/lib/thumb/v7-m/nofp\libc_nano.a(lib_a-reent.o)
                0x00000000200000c0                errno
 .bss.__lock___malloc_recursive_mutex
                0x00000000200000c4        0x1 c:/users/pch/desktop/cubeide/stm32cubeide_1.11.0/stm32cubeide/plugins/com.st.stm32cube.ide.mcu.externaltools.gnu-tools-for-stm32.10.3-2021.10.win32_1.0.100.202210260954/tools/bin/../lib/gcc/arm-none-eabi/10.3.1/../../../../arm-none-eabi/lib/thumb/v7-m/nofp\libc_nano.a(lib_a-lock.o)
                0x00000000200000c4                __lock___malloc_recursive_mutex
 *(COMMON)
                0x00000000200000c8                . = ALIGN (0x4)
 *fill*         0x00000000200000c5        0x3 
                0x00000000200000c8                _ebss = .
                0x00000000200000c8                __bss_end__ = _ebss

._user_heap_stack
                0x00000000200000c8      0x600 load address 0x00000000080012b8
                0x00000000200000c8                . = ALIGN (0x8)
                [!provide]                        PROVIDE (end = .)
                0x00000000200000c8                PROVIDE (_end = .)
                0x00000000200002c8                . = (. + _Min_Heap_Size)
 *fill*         0x00000000200000c8      0x200 
                0x00000000200006c8                . = (. + _Min_Stack_Size)
 *fill*         0x00000000200002c8      0x400 
                0x00000000200006c8                . = ALIGN (0x8)

/DISCARD/
 libc.a(*)
 libm.a(*)
 libgcc.a(*)

.ARM.attributes
                0x0000000000000000       0x29
 *(.ARM.attributes)
 .ARM.attributes
                0x0000000000000000       0x1d c:/users/pch/desktop/cubeide/stm32cubeide_1.11.0/stm32cubeide/plugins/com.st.stm32cube.ide.mcu.externaltools.gnu-tools-for-stm32.10.3-2021.10.win32_1.0.100.202210260954/tools/bin/../lib/gcc/arm-none-eabi/10.3.1/thumb/v7-m/nofp/crti.o
 .ARM.attributes
                0x000000000000001d       0x2d c:/users/pch/desktop/cubeide/stm32cubeide_1.11.0/stm32cubeide/plugins/com.st.stm32cube.ide.mcu.externaltools.gnu-tools-for-stm32.10.3-2021.10.win32_1.0.100.202210260954/tools/bin/../lib/gcc/arm-none-eabi/10.3.1/thumb/v7-m/nofp/crtbegin.o
 .ARM.attributes
                0x000000000000004a       0x2d ./Core/Src/App/App.o
 .ARM.attributes
                0x0000000000000077       0x2d ./Core/Src/App/SystemControl.o
 .ARM.attributes
                0x00000000000000a4       0x2d ./Core/Src/Comp/SwitchControl.o
 .ARM.attributes
                0x00000000000000d1       0x2d ./Core/Src/Msp/Msp.o
 .ARM.attributes
                0x00000000000000fe       0x2d ./Core/Src/Msp/stm32f1xx_it.o
 .ARM.attributes
                0x000000000000012b       0x2d ./Core/Src/Msp/sysmem.o
 .ARM.attributes
                0x0000000000000158       0x2d ./Core/Src/Msp/system_stm32f1xx.o
 .ARM.attributes
                0x0000000000000185       0x2d ./Core/Src/main.o
 .ARM.attributes
                0x00000000000001b2       0x21 ./Core/Startup/startup_stm32f103rbtx.o
 .ARM.attributes
                0x00000000000001d3       0x2d ./Drivers/STM32F1xx_HAL_Driver/Src/stm32f1xx_hal.o
 .ARM.attributes
                0x0000000000000200       0x2d ./Drivers/STM32F1xx_HAL_Driver/Src/stm32f1xx_hal_cortex.o
 .ARM.attributes
                0x000000000000022d       0x2d ./Drivers/STM32F1xx_HAL_Driver/Src/stm32f1xx_hal_gpio.o
 .ARM.attributes
                0x000000000000025a       0x2d ./Drivers/STM32F1xx_HAL_Driver/Src/stm32f1xx_hal_rcc.o
 .ARM.attributes
                0x0000000000000287       0x2d c:/users/pch/desktop/cubeide/stm32cubeide_1.11.0/stm32cubeide/plugins/com.st.stm32cube.ide.mcu.externaltools.gnu-tools-for-stm32.10.3-2021.10.win32_1.0.100.202210260954/tools/bin/../lib/gcc/arm-none-eabi/10.3.1/../../../../arm-none-eabi/lib/thumb/v7-m/nofp\libc_nano.a(lib_a-errno.o)
 .ARM.attributes
                0x00000000000002b4       0x2d c:/users/pch/desktop/cubeide/stm32cubeide_1.11.0/stm32cubeide/plugins/com.st.stm32cube.ide.mcu.externaltools.gnu-tools-for-stm32.10.3-2021.10.win32_1.0.100.202210260954/tools/bin/../lib/gcc/arm-none-eabi/10.3.1/../../../../arm-none-eabi/lib/thumb/v7-m/nofp\libc_nano.a(lib_a-impure.o)
 .ARM.attributes
                0x00000000000002e1       0x2d c:/users/pch/desktop/cubeide/stm32cubeide_1.11.0/stm32cubeide/plugins/com.st.stm32cube.ide.mcu.externaltools.gnu-tools-for-stm32.10.3-2021.10.win32_1.0.100.202210260954/tools/bin/../lib/gcc/arm-none-eabi/10.3.1/../../../../arm-none-eabi/lib/thumb/v7-m/nofp\libc_nano.a(lib_a-init.o)
 .ARM.attributes
                0x000000000000030e       0x2d c:/users/pch/desktop/cubeide/stm32cubeide_1.11.0/stm32cubeide/plugins/com.st.stm32cube.ide.mcu.externaltools.gnu-tools-for-stm32.10.3-2021.10.win32_1.0.100.202210260954/tools/bin/../lib/gcc/arm-none-eabi/10.3.1/../../../../arm-none-eabi/lib/thumb/v7-m/nofp\libc_nano.a(lib_a-malloc.o)
 .ARM.attributes
                0x000000000000033b       0x2d c:/users/pch/desktop/cubeide/stm32cubeide_1.11.0/stm32cubeide/plugins/com.st.stm32cube.ide.mcu.externaltools.gnu-tools-for-stm32.10.3-2021.10.win32_1.0.100.202210260954/tools/bin/../lib/gcc/arm-none-eabi/10.3.1/../../../../arm-none-eabi/lib/thumb/v7-m/nofp\libc_nano.a(lib_a-memset.o)
 .ARM.attributes
                0x0000000000000368       0x2d c:/users/pch/desktop/cubeide/stm32cubeide_1.11.0/stm32cubeide/plugins/com.st.stm32cube.ide.mcu.externaltools.gnu-tools-for-stm32.10.3-2021.10.win32_1.0.100.202210260954/tools/bin/../lib/gcc/arm-none-eabi/10.3.1/../../../../arm-none-eabi/lib/thumb/v7-m/nofp\libc_nano.a(lib_a-nano-mallocr.o)
 .ARM.attributes
                0x0000000000000395       0x2d c:/users/pch/desktop/cubeide/stm32cubeide_1.11.0/stm32cubeide/plugins/com.st.stm32cube.ide.mcu.externaltools.gnu-tools-for-stm32.10.3-2021.10.win32_1.0.100.202210260954/tools/bin/../lib/gcc/arm-none-eabi/10.3.1/../../../../arm-none-eabi/lib/thumb/v7-m/nofp\libc_nano.a(lib_a-sbrkr.o)
 .ARM.attributes
                0x00000000000003c2       0x2d c:/users/pch/desktop/cubeide/stm32cubeide_1.11.0/stm32cubeide/plugins/com.st.stm32cube.ide.mcu.externaltools.gnu-tools-for-stm32.10.3-2021.10.win32_1.0.100.202210260954/tools/bin/../lib/gcc/arm-none-eabi/10.3.1/../../../../arm-none-eabi/lib/thumb/v7-m/nofp\libc_nano.a(lib_a-mlock.o)
 .ARM.attributes
                0x00000000000003ef       0x2d c:/users/pch/desktop/cubeide/stm32cubeide_1.11.0/stm32cubeide/plugins/com.st.stm32cube.ide.mcu.externaltools.gnu-tools-for-stm32.10.3-2021.10.win32_1.0.100.202210260954/tools/bin/../lib/gcc/arm-none-eabi/10.3.1/../../../../arm-none-eabi/lib/thumb/v7-m/nofp\libc_nano.a(lib_a-reent.o)
 .ARM.attributes
                0x000000000000041c       0x2d c:/users/pch/desktop/cubeide/stm32cubeide_1.11.0/stm32cubeide/plugins/com.st.stm32cube.ide.mcu.externaltools.gnu-tools-for-stm32.10.3-2021.10.win32_1.0.100.202210260954/tools/bin/../lib/gcc/arm-none-eabi/10.3.1/../../../../arm-none-eabi/lib/thumb/v7-m/nofp\libc_nano.a(lib_a-lock.o)
 .ARM.attributes
                0x0000000000000449       0x1d c:/users/pch/desktop/cubeide/stm32cubeide_1.11.0/stm32cubeide/plugins/com.st.stm32cube.ide.mcu.externaltools.gnu-tools-for-stm32.10.3-2021.10.win32_1.0.100.202210260954/tools/bin/../lib/gcc/arm-none-eabi/10.3.1/thumb/v7-m/nofp/crtn.o
OUTPUT(Module_Test.elf elf32-littlearm)
LOAD linker stubs
LOAD c:/users/pch/desktop/cubeide/stm32cubeide_1.11.0/stm32cubeide/plugins/com.st.stm32cube.ide.mcu.externaltools.gnu-tools-for-stm32.10.3-2021.10.win32_1.0.100.202210260954/tools/bin/../lib/gcc/arm-none-eabi/10.3.1/../../../../arm-none-eabi/lib/thumb/v7-m/nofp\libc.a
LOAD c:/users/pch/desktop/cubeide/stm32cubeide_1.11.0/stm32cubeide/plugins/com.st.stm32cube.ide.mcu.externaltools.gnu-tools-for-stm32.10.3-2021.10.win32_1.0.100.202210260954/tools/bin/../lib/gcc/arm-none-eabi/10.3.1/../../../../arm-none-eabi/lib/thumb/v7-m/nofp\libm.a
LOAD c:/users/pch/desktop/cubeide/stm32cubeide_1.11.0/stm32cubeide/plugins/com.st.stm32cube.ide.mcu.externaltools.gnu-tools-for-stm32.10.3-2021.10.win32_1.0.100.202210260954/tools/bin/../lib/gcc/arm-none-eabi/10.3.1/thumb/v7-m/nofp\libgcc.a

.debug_info     0x0000000000000000     0x3554
 .debug_info    0x0000000000000000      0x490 ./Core/Src/App/App.o
 .debug_info    0x0000000000000490      0x275 ./Core/Src/App/SystemControl.o
 .debug_info    0x0000000000000705      0x421 ./Core/Src/Comp/SwitchControl.o
 .debug_info    0x0000000000000b26       0xa7 ./Core/Src/Msp/Msp.o
 .debug_info    0x0000000000000bcd      0x15e ./Core/Src/Msp/stm32f1xx_it.o
 .debug_info    0x0000000000000d2b      0x171 ./Core/Src/Msp/sysmem.o
 .debug_info    0x0000000000000e9c      0x23d ./Core/Src/Msp/system_stm32f1xx.o
 .debug_info    0x00000000000010d9      0x390 ./Core/Src/main.o
 .debug_info    0x0000000000001469       0x22 ./Core/Startup/startup_stm32f103rbtx.o
 .debug_info    0x000000000000148b      0x734 ./Drivers/STM32F1xx_HAL_Driver/Src/stm32f1xx_hal.o
 .debug_info    0x0000000000001bbf      0xb20 ./Drivers/STM32F1xx_HAL_Driver/Src/stm32f1xx_hal_cortex.o
 .debug_info    0x00000000000026df      0x615 ./Drivers/STM32F1xx_HAL_Driver/Src/stm32f1xx_hal_gpio.o
 .debug_info    0x0000000000002cf4      0x860 ./Drivers/STM32F1xx_HAL_Driver/Src/stm32f1xx_hal_rcc.o

.debug_abbrev   0x0000000000000000     0x11c4
 .debug_abbrev  0x0000000000000000      0x176 ./Core/Src/App/App.o
 .debug_abbrev  0x0000000000000176      0x122 ./Core/Src/App/SystemControl.o
 .debug_abbrev  0x0000000000000298      0x172 ./Core/Src/Comp/SwitchControl.o
 .debug_abbrev  0x000000000000040a       0x6b ./Core/Src/Msp/Msp.o
 .debug_abbrev  0x0000000000000475       0x9f ./Core/Src/Msp/stm32f1xx_it.o
 .debug_abbrev  0x0000000000000514       0xbb ./Core/Src/Msp/sysmem.o
 .debug_abbrev  0x00000000000005cf      0x13b ./Core/Src/Msp/system_stm32f1xx.o
 .debug_abbrev  0x000000000000070a      0x15d ./Core/Src/main.o
 .debug_abbrev  0x0000000000000867       0x12 ./Core/Startup/startup_stm32f103rbtx.o
 .debug_abbrev  0x0000000000000879      0x1fb ./Drivers/STM32F1xx_HAL_Driver/Src/stm32f1xx_hal.o
 .debug_abbrev  0x0000000000000a74      0x2ed ./Drivers/STM32F1xx_HAL_Driver/Src/stm32f1xx_hal_cortex.o
 .debug_abbrev  0x0000000000000d61      0x1bb ./Drivers/STM32F1xx_HAL_Driver/Src/stm32f1xx_hal_gpio.o
 .debug_abbrev  0x0000000000000f1c      0x2a8 ./Drivers/STM32F1xx_HAL_Driver/Src/stm32f1xx_hal_rcc.o

.debug_aranges  0x0000000000000000      0x498
 .debug_aranges
                0x0000000000000000       0x50 ./Core/Src/App/App.o
 .debug_aranges
                0x0000000000000050       0x30 ./Core/Src/App/SystemControl.o
 .debug_aranges
                0x0000000000000080       0x28 ./Core/Src/Comp/SwitchControl.o
 .debug_aranges
                0x00000000000000a8       0x20 ./Core/Src/Msp/Msp.o
 .debug_aranges
                0x00000000000000c8       0x68 ./Core/Src/Msp/stm32f1xx_it.o
 .debug_aranges
                0x0000000000000130       0x20 ./Core/Src/Msp/sysmem.o
 .debug_aranges
                0x0000000000000150       0x28 ./Core/Src/Msp/system_stm32f1xx.o
 .debug_aranges
                0x0000000000000178       0x30 ./Core/Src/main.o
 .debug_aranges
                0x00000000000001a8       0x28 ./Core/Startup/startup_stm32f103rbtx.o
 .debug_aranges
                0x00000000000001d0       0xe0 ./Drivers/STM32F1xx_HAL_Driver/Src/stm32f1xx_hal.o
 .debug_aranges
                0x00000000000002b0      0x100 ./Drivers/STM32F1xx_HAL_Driver/Src/stm32f1xx_hal_cortex.o
 .debug_aranges
                0x00000000000003b0       0x58 ./Drivers/STM32F1xx_HAL_Driver/Src/stm32f1xx_hal_gpio.o
 .debug_aranges
                0x0000000000000408       0x90 ./Drivers/STM32F1xx_HAL_Driver/Src/stm32f1xx_hal_rcc.o

.debug_ranges   0x0000000000000000      0x3d0
 .debug_ranges  0x0000000000000000       0x40 ./Core/Src/App/App.o
 .debug_ranges  0x0000000000000040       0x20 ./Core/Src/App/SystemControl.o
 .debug_ranges  0x0000000000000060       0x18 ./Core/Src/Comp/SwitchControl.o
 .debug_ranges  0x0000000000000078       0x10 ./Core/Src/Msp/Msp.o
 .debug_ranges  0x0000000000000088       0x58 ./Core/Src/Msp/stm32f1xx_it.o
 .debug_ranges  0x00000000000000e0       0x10 ./Core/Src/Msp/sysmem.o
 .debug_ranges  0x00000000000000f0       0x18 ./Core/Src/Msp/system_stm32f1xx.o
 .debug_ranges  0x0000000000000108       0x20 ./Core/Src/main.o
 .debug_ranges  0x0000000000000128       0x20 ./Core/Startup/startup_stm32f103rbtx.o
 .debug_ranges  0x0000000000000148       0xd0 ./Drivers/STM32F1xx_HAL_Driver/Src/stm32f1xx_hal.o
 .debug_ranges  0x0000000000000218       0xf0 ./Drivers/STM32F1xx_HAL_Driver/Src/stm32f1xx_hal_cortex.o
 .debug_ranges  0x0000000000000308       0x48 ./Drivers/STM32F1xx_HAL_Driver/Src/stm32f1xx_hal_gpio.o
 .debug_ranges  0x0000000000000350       0x80 ./Drivers/STM32F1xx_HAL_Driver/Src/stm32f1xx_hal_rcc.o

.debug_macro    0x0000000000000000    0x18177
 .debug_macro   0x0000000000000000      0x3ea ./Core/Src/App/App.o
 .debug_macro   0x00000000000003ea      0xa6c ./Core/Src/App/App.o
 .debug_macro   0x0000000000000e56       0x18 ./Core/Src/App/App.o
 .debug_macro   0x0000000000000e6e       0x22 ./Core/Src/App/App.o
 .debug_macro   0x0000000000000e90       0x4c ./Core/Src/App/App.o
 .debug_macro   0x0000000000000edc       0x94 ./Core/Src/App/App.o
 .debug_macro   0x0000000000000f70       0x3c ./Core/Src/App/App.o
 .debug_macro   0x0000000000000fac       0x34 ./Core/Src/App/App.o
 .debug_macro   0x0000000000000fe0       0x16 ./Core/Src/App/App.o
 .debug_macro   0x0000000000000ff6      0x10e ./Core/Src/App/App.o
 .debug_macro   0x0000000000001104       0x8d ./Core/Src/App/App.o
 .debug_macro   0x0000000000001191       0x16 ./Core/Src/App/App.o
 .debug_macro   0x00000000000011a7       0x43 ./Core/Src/App/App.o
 .debug_macro   0x00000000000011ea       0x57 ./Core/Src/App/App.o
 .debug_macro   0x0000000000001241       0x34 ./Core/Src/App/App.o
 .debug_macro   0x0000000000001275       0x10 ./Core/Src/App/App.o
 .debug_macro   0x0000000000001285       0x58 ./Core/Src/App/App.o
 .debug_macro   0x00000000000012dd       0x71 ./Core/Src/App/App.o
 .debug_macro   0x000000000000134e       0x1c ./Core/Src/App/App.o
 .debug_macro   0x000000000000136a      0x12a ./Core/Src/App/App.o
 .debug_macro   0x0000000000001494      0x341 ./Core/Src/App/App.o
 .debug_macro   0x00000000000017d5       0x16 ./Core/Src/App/App.o
 .debug_macro   0x00000000000017eb       0x29 ./Core/Src/App/App.o
 .debug_macro   0x0000000000001814      0x103 ./Core/Src/App/App.o
 .debug_macro   0x0000000000001917       0x6a ./Core/Src/App/App.o
 .debug_macro   0x0000000000001981      0x1df ./Core/Src/App/App.o
 .debug_macro   0x0000000000001b60      0x21b ./Core/Src/App/App.o
 .debug_macro   0x0000000000001d7b       0x2e ./Core/Src/App/App.o
 .debug_macro   0x0000000000001da9       0x22 ./Core/Src/App/App.o
 .debug_macro   0x0000000000001dcb       0x1c ./Core/Src/App/App.o
 .debug_macro   0x0000000000001de7       0x22 ./Core/Src/App/App.o
 .debug_macro   0x0000000000001e09       0xbd ./Core/Src/App/App.o
 .debug_macro   0x0000000000001ec6      0xd23 ./Core/Src/App/App.o
 .debug_macro   0x0000000000002be9     0xe09e ./Core/Src/App/App.o
 .debug_macro   0x0000000000010c87       0x6d ./Core/Src/App/App.o
 .debug_macro   0x0000000000010cf4     0x3468 ./Core/Src/App/App.o
 .debug_macro   0x000000000001415c       0x56 ./Core/Src/App/App.o
 .debug_macro   0x00000000000141b2      0x5be ./Core/Src/App/App.o
 .debug_macro   0x0000000000014770      0x289 ./Core/Src/App/App.o
 .debug_macro   0x00000000000149f9      0x1cb ./Core/Src/App/App.o
 .debug_macro   0x0000000000014bc4      0x114 ./Core/Src/App/App.o
 .debug_macro   0x0000000000014cd8      0x1b2 ./Core/Src/App/App.o
 .debug_macro   0x0000000000014e8a       0x27 ./Core/Src/App/App.o
 .debug_macro   0x0000000000014eb1      0x136 ./Core/Src/App/App.o
 .debug_macro   0x0000000000014fe7      0x1bc ./Core/Src/App/App.o
 .debug_macro   0x00000000000151a3       0x34 ./Core/Src/App/App.o
 .debug_macro   0x00000000000151d7       0x3c ./Core/Src/App/App.o
 .debug_macro   0x0000000000015213       0x57 ./Core/Src/App/App.o
 .debug_macro   0x000000000001526a       0x88 ./Core/Src/App/App.o
 .debug_macro   0x00000000000152f2      0x241 ./Core/Src/App/App.o
 .debug_macro   0x0000000000015533      0x141 ./Core/Src/App/App.o
 .debug_macro   0x0000000000015674      0x8d1 ./Core/Src/App/App.o
 .debug_macro   0x0000000000015f45      0x279 ./Core/Src/App/App.o
 .debug_macro   0x00000000000161be       0x83 ./Core/Src/App/App.o
 .debug_macro   0x0000000000016241       0x40 ./Core/Src/App/App.o
 .debug_macro   0x0000000000016281       0x22 ./Core/Src/App/App.o
 .debug_macro   0x00000000000162a3       0x10 ./Core/Src/App/App.o
 .debug_macro   0x00000000000162b3       0x1c ./Core/Src/App/App.o
 .debug_macro   0x00000000000162cf       0x35 ./Core/Src/App/App.o
 .debug_macro   0x0000000000016304       0x10 ./Core/Src/App/App.o
 .debug_macro   0x0000000000016314       0x10 ./Core/Src/App/App.o
 .debug_macro   0x0000000000016324       0x1c ./Core/Src/App/App.o
 .debug_macro   0x0000000000016340       0x52 ./Core/Src/App/App.o
 .debug_macro   0x0000000000016392       0x22 ./Core/Src/App/App.o
 .debug_macro   0x00000000000163b4       0x10 ./Core/Src/App/App.o
 .debug_macro   0x00000000000163c4       0x52 ./Core/Src/App/App.o
 .debug_macro   0x0000000000016416       0xd5 ./Core/Src/App/App.o
 .debug_macro   0x00000000000164eb       0x1c ./Core/Src/App/App.o
 .debug_macro   0x0000000000016507       0x3d ./Core/Src/App/App.o
 .debug_macro   0x0000000000016544       0x16 ./Core/Src/App/App.o
 .debug_macro   0x000000000001655a      0x145 ./Core/Src/App/App.o
 .debug_macro   0x000000000001669f       0x10 ./Core/Src/App/App.o
 .debug_macro   0x00000000000166af      0x3ea ./Core/Src/App/SystemControl.o
 .debug_macro   0x0000000000016a99      0x364 ./Core/Src/Comp/SwitchControl.o
 .debug_macro   0x0000000000016dfd      0x1bb ./Core/Src/Msp/Msp.o
 .debug_macro   0x0000000000016fb8      0x1c5 ./Core/Src/Msp/stm32f1xx_it.o
 .debug_macro   0x000000000001717d       0xff ./Core/Src/Msp/sysmem.o
 .debug_macro   0x000000000001727c      0x23b ./Core/Src/Msp/sysmem.o
 .debug_macro   0x00000000000174b7      0x1a3 ./Core/Src/Msp/system_stm32f1xx.o
 .debug_macro   0x000000000001765a      0x3f0 ./Core/Src/main.o
 .debug_macro   0x0000000000017a4a      0x1c7 ./Drivers/STM32F1xx_HAL_Driver/Src/stm32f1xx_hal.o
 .debug_macro   0x0000000000017c11      0x1a3 ./Drivers/STM32F1xx_HAL_Driver/Src/stm32f1xx_hal_cortex.o
 .debug_macro   0x0000000000017db4      0x20e ./Drivers/STM32F1xx_HAL_Driver/Src/stm32f1xx_hal_gpio.o
 .debug_macro   0x0000000000017fc2      0x1b5 ./Drivers/STM32F1xx_HAL_Driver/Src/stm32f1xx_hal_rcc.o

.debug_line     0x0000000000000000     0x83ba
 .debug_line    0x0000000000000000      0xd72 ./Core/Src/App/App.o
 .debug_line    0x0000000000000d72      0xc77 ./Core/Src/App/SystemControl.o
 .debug_line    0x00000000000019e9      0xb82 ./Core/Src/Comp/SwitchControl.o
 .debug_line    0x000000000000256b      0x810 ./Core/Src/Msp/Msp.o
 .debug_line    0x0000000000002d7b      0x8e9 ./Core/Src/Msp/stm32f1xx_it.o
 .debug_line    0x0000000000003664      0x690 ./Core/Src/Msp/sysmem.o
 .debug_line    0x0000000000003cf4      0x881 ./Core/Src/Msp/system_stm32f1xx.o
 .debug_line    0x0000000000004575      0xc89 ./Core/Src/main.o
 .debug_line    0x00000000000051fe       0x87 ./Core/Startup/startup_stm32f103rbtx.o
 .debug_line    0x0000000000005285      0xaaa ./Drivers/STM32F1xx_HAL_Driver/Src/stm32f1xx_hal.o
 .debug_line    0x0000000000005d2f      0xc92 ./Drivers/STM32F1xx_HAL_Driver/Src/stm32f1xx_hal_cortex.o
 .debug_line    0x00000000000069c1      0xb41 ./Drivers/STM32F1xx_HAL_Driver/Src/stm32f1xx_hal_gpio.o
 .debug_line    0x0000000000007502      0xeb8 ./Drivers/STM32F1xx_HAL_Driver/Src/stm32f1xx_hal_rcc.o

.debug_str      0x0000000000000000    0x88a71
 .debug_str     0x0000000000000000    0x8724f ./Core/Src/App/App.o
                                      0x875a0 (size before relaxing)
 .debug_str     0x000000000008724f       0x94 ./Core/Src/App/SystemControl.o
                                      0x87463 (size before relaxing)
 .debug_str     0x00000000000872e3      0x370 ./Core/Src/Comp/SwitchControl.o
                                      0x87550 (size before relaxing)
 .debug_str     0x0000000000087653       0x32 ./Core/Src/Msp/Msp.o
                                      0x83358 (size before relaxing)
 .debug_str     0x0000000000087685       0xfb ./Core/Src/Msp/stm32f1xx_it.o
                                      0x83435 (size before relaxing)
 .debug_str     0x0000000000087780      0x4e8 ./Core/Src/Msp/sysmem.o
                                       0x5d59 (size before relaxing)
 .debug_str     0x0000000000087c68       0x82 ./Core/Src/Msp/system_stm32f1xx.o
                                      0x832c3 (size before relaxing)
 .debug_str     0x0000000000087cea      0x1b6 ./Core/Src/main.o
                                      0x875b3 (size before relaxing)
 .debug_str     0x0000000000087ea0       0x36 ./Core/Startup/startup_stm32f103rbtx.o
                                         0x6f (size before relaxing)
 .debug_str     0x0000000000087ed6      0x3a3 ./Drivers/STM32F1xx_HAL_Driver/Src/stm32f1xx_hal.o
                                      0x839f2 (size before relaxing)
 .debug_str     0x0000000000088279      0x2b2 ./Drivers/STM32F1xx_HAL_Driver/Src/stm32f1xx_hal_cortex.o
                                      0x8393e (size before relaxing)
 .debug_str     0x000000000008852b      0x31d ./Drivers/STM32F1xx_HAL_Driver/Src/stm32f1xx_hal_gpio.o
                                      0x83645 (size before relaxing)
 .debug_str     0x0000000000088848      0x229 ./Drivers/STM32F1xx_HAL_Driver/Src/stm32f1xx_hal_rcc.o
                                      0x836ee (size before relaxing)

.comment        0x0000000000000000       0x50
 .comment       0x0000000000000000       0x50 ./Core/Src/App/App.o
                                         0x51 (size before relaxing)
 .comment       0x0000000000000050       0x51 ./Core/Src/App/SystemControl.o
 .comment       0x0000000000000050       0x51 ./Core/Src/Comp/SwitchControl.o
 .comment       0x0000000000000050       0x51 ./Core/Src/Msp/Msp.o
 .comment       0x0000000000000050       0x51 ./Core/Src/Msp/stm32f1xx_it.o
 .comment       0x0000000000000050       0x51 ./Core/Src/Msp/sysmem.o
 .comment       0x0000000000000050       0x51 ./Core/Src/Msp/system_stm32f1xx.o
 .comment       0x0000000000000050       0x51 ./Core/Src/main.o
 .comment       0x0000000000000050       0x51 ./Drivers/STM32F1xx_HAL_Driver/Src/stm32f1xx_hal.o
 .comment       0x0000000000000050       0x51 ./Drivers/STM32F1xx_HAL_Driver/Src/stm32f1xx_hal_cortex.o
 .comment       0x0000000000000050       0x51 ./Drivers/STM32F1xx_HAL_Driver/Src/stm32f1xx_hal_gpio.o
 .comment       0x0000000000000050       0x51 ./Drivers/STM32F1xx_HAL_Driver/Src/stm32f1xx_hal_rcc.o

.debug_frame    0x0000000000000000     0x114c
 .debug_frame   0x0000000000000000      0x114 ./Core/Src/App/App.o
 .debug_frame   0x0000000000000114       0x80 ./Core/Src/App/SystemControl.o
 .debug_frame   0x0000000000000194       0x5c ./Core/Src/Comp/SwitchControl.o
 .debug_frame   0x00000000000001f0       0x28 ./Core/Src/Msp/Msp.o
 .debug_frame   0x0000000000000218      0x120 ./Core/Src/Msp/stm32f1xx_it.o
 .debug_frame   0x0000000000000338       0x34 ./Core/Src/Msp/sysmem.o
 .debug_frame   0x000000000000036c       0x58 ./Core/Src/Msp/system_stm32f1xx.o
 .debug_frame   0x00000000000003c4       0x74 ./Core/Src/main.o
 .debug_frame   0x0000000000000438      0x334 ./Drivers/STM32F1xx_HAL_Driver/Src/stm32f1xx_hal.o
 .debug_frame   0x000000000000076c      0x428 ./Drivers/STM32F1xx_HAL_Driver/Src/stm32f1xx_hal_cortex.o
 .debug_frame   0x0000000000000b94      0x14c ./Drivers/STM32F1xx_HAL_Driver/Src/stm32f1xx_hal_gpio.o
 .debug_frame   0x0000000000000ce0      0x21c ./Drivers/STM32F1xx_HAL_Driver/Src/stm32f1xx_hal_rcc.o
 .debug_frame   0x0000000000000efc       0x20 c:/users/pch/desktop/cubeide/stm32cubeide_1.11.0/stm32cubeide/plugins/com.st.stm32cube.ide.mcu.externaltools.gnu-tools-for-stm32.10.3-2021.10.win32_1.0.100.202210260954/tools/bin/../lib/gcc/arm-none-eabi/10.3.1/../../../../arm-none-eabi/lib/thumb/v7-m/nofp\libc_nano.a(lib_a-errno.o)
 .debug_frame   0x0000000000000f1c       0x2c c:/users/pch/desktop/cubeide/stm32cubeide_1.11.0/stm32cubeide/plugins/com.st.stm32cube.ide.mcu.externaltools.gnu-tools-for-stm32.10.3-2021.10.win32_1.0.100.202210260954/tools/bin/../lib/gcc/arm-none-eabi/10.3.1/../../../../arm-none-eabi/lib/thumb/v7-m/nofp\libc_nano.a(lib_a-init.o)
 .debug_frame   0x0000000000000f48       0x30 c:/users/pch/desktop/cubeide/stm32cubeide_1.11.0/stm32cubeide/plugins/com.st.stm32cube.ide.mcu.externaltools.gnu-tools-for-stm32.10.3-2021.10.win32_1.0.100.202210260954/tools/bin/../lib/gcc/arm-none-eabi/10.3.1/../../../../arm-none-eabi/lib/thumb/v7-m/nofp\libc_nano.a(lib_a-malloc.o)
 .debug_frame   0x0000000000000f78       0x20 c:/users/pch/desktop/cubeide/stm32cubeide_1.11.0/stm32cubeide/plugins/com.st.stm32cube.ide.mcu.externaltools.gnu-tools-for-stm32.10.3-2021.10.win32_1.0.100.202210260954/tools/bin/../lib/gcc/arm-none-eabi/10.3.1/../../../../arm-none-eabi/lib/thumb/v7-m/nofp\libc_nano.a(lib_a-memset.o)
 .debug_frame   0x0000000000000f98       0x4c c:/users/pch/desktop/cubeide/stm32cubeide_1.11.0/stm32cubeide/plugins/com.st.stm32cube.ide.mcu.externaltools.gnu-tools-for-stm32.10.3-2021.10.win32_1.0.100.202210260954/tools/bin/../lib/gcc/arm-none-eabi/10.3.1/../../../../arm-none-eabi/lib/thumb/v7-m/nofp\libc_nano.a(lib_a-nano-mallocr.o)
 .debug_frame   0x0000000000000fe4       0x2c c:/users/pch/desktop/cubeide/stm32cubeide_1.11.0/stm32cubeide/plugins/com.st.stm32cube.ide.mcu.externaltools.gnu-tools-for-stm32.10.3-2021.10.win32_1.0.100.202210260954/tools/bin/../lib/gcc/arm-none-eabi/10.3.1/../../../../arm-none-eabi/lib/thumb/v7-m/nofp\libc_nano.a(lib_a-sbrkr.o)
 .debug_frame   0x0000000000001010       0x30 c:/users/pch/desktop/cubeide/stm32cubeide_1.11.0/stm32cubeide/plugins/com.st.stm32cube.ide.mcu.externaltools.gnu-tools-for-stm32.10.3-2021.10.win32_1.0.100.202210260954/tools/bin/../lib/gcc/arm-none-eabi/10.3.1/../../../../arm-none-eabi/lib/thumb/v7-m/nofp\libc_nano.a(lib_a-mlock.o)
 .debug_frame   0x0000000000001040       0x5c c:/users/pch/desktop/cubeide/stm32cubeide_1.11.0/stm32cubeide/plugins/com.st.stm32cube.ide.mcu.externaltools.gnu-tools-for-stm32.10.3-2021.10.win32_1.0.100.202210260954/tools/bin/../lib/gcc/arm-none-eabi/10.3.1/../../../../arm-none-eabi/lib/thumb/v7-m/nofp\libc_nano.a(lib_a-reent.o)
 .debug_frame   0x000000000000109c       0xb0 c:/users/pch/desktop/cubeide/stm32cubeide_1.11.0/stm32cubeide/plugins/com.st.stm32cube.ide.mcu.externaltools.gnu-tools-for-stm32.10.3-2021.10.win32_1.0.100.202210260954/tools/bin/../lib/gcc/arm-none-eabi/10.3.1/../../../../arm-none-eabi/lib/thumb/v7-m/nofp\libc_nano.a(lib_a-lock.o)
